// Jest Snapshot v1, https://goo.gl/fbAQLP

exports[`TasksStats Component display stats 1`] = `"3 TASKS:1 ACTIVE2 DONE"`;
